
> farmliv-frontend@1.0.0 build
> vite build

[36mvite v7.3.1 [32mbuilding client environment for production...[36m[39m
transforming...
[32mΓ£ô[39m 272 modules transformed.
node.exe : [31mΓ£ù[39m Build failed in 6.13s
At line:1 char:1
+ & "C:\Program Files\nodejs/node.exe" "C:\Program Files\nodejs/node_mo ...
+ ~~~~~~~~~~~~~~~~~~~~~~~~~~~~~~~~~~~~~~~~~~~~~~~~~~~~~~~~~~~~~~~~~~~~~
    + CategoryInfo          : NotSpecified: ([31mΓ£ù[39m Build failed in 6.13s:String) [], RemoteException
    + FullyQualifiedErrorId : NativeCommandError
 
[31merror during build:
[31m[vite:esbuild] Transform failed with 1 error:
C:/Users/Harunar/Downloads/farmliv-project-main 
(3)/farmliv-project-main/client/src/components/FeaturedCategories.jsx:119:12: ERROR: Expected ")" but found "}"[31m
file: [36mC:/Users/Harunar/Downloads/farmliv-project-main 
(3)/farmliv-project-main/client/src/components/FeaturedCategories.jsx:119:12[31m
[33m
[33mExpected ")" but found "}"[33m
117 |                </Link>
118 |              </motion.div>
119 |            ))}
    |              ^
120 |          </motion.div>
121 |        </div>
[31m
    at failureErrorWithLog (C:\Users\Harunar\Downloads\farmliv-project-main 
(3)\farmliv-project-main\client\node_modules\esbuild\lib\main.js:1467:15)
    at C:\Users\Harunar\Downloads\farmliv-project-main 
(3)\farmliv-project-main\client\node_modules\esbuild\lib\main.js:736:50
    at responseCallbacks.<computed> (C:\Users\Harunar\Downloads\farmliv-project-main 
(3)\farmliv-project-main\client\node_modules\esbuild\lib\main.js:603:9)
    at handleIncomingPacket (C:\Users\Harunar\Downloads\farmliv-project-main 
(3)\farmliv-project-main\client\node_modules\esbuild\lib\main.js:658:12)
    at Socket.readFromStdout (C:\Users\Harunar\Downloads\farmliv-project-main 
(3)\farmliv-project-main\client\node_modules\esbuild\lib\main.js:581:7)
    at Socket.emit (node:events:508:28)
    at addChunk (node:internal/streams/readable:559:12)
    at readableAddChunkPushByteMode (node:internal/streams/readable:510:3)
    at Readable.push (node:internal/streams/readable:390:5)
    at Pipe.onStreamRead (node:internal/stream_base_commons:189:23)[39m
